
D:\soleymani\azmoon>git config --global user.email "s.solimani1376@gmail.com"

D:\soleymani\azmoon>git config --global user.name "sepidehsolimani"

D:\soleymani\azmoon>git add .

D:\soleymani\azmoon>git commit -m "1"
[master (root-commit) 0997106] 1
 1 file changed, 0 insertions(+), 0 deletions(-)
 create mode 100644 1.txt

D:\soleymani\azmoon>gitk

D:\soleymani\azmoon>git checkout 09971061a5c8f6cf3a5602e78233500dae270813
Note: checking out '09971061a5c8f6cf3a5602e78233500dae270813'.

You are in 'detached HEAD' state. You can look around, make experimental
changes and commit them, and you can discard any commits you make in this
state without impacting any branches by performing another checkout.

If you want to create a new branch to retain commits you create, you may
do so (now or later) by using -b with the checkout command again. Example:

  git checkout -b new_branch_name

HEAD is now at 0997106... 1

D:\soleymani\azmoon>git branch soleymani

D:\soleymani\azmoon>git checkout soleymani
Switched to branch 'soleymani'

D:\soleymani\azmoon>git add .

D:\soleymani\azmoon>git commit -m "2"
[soleymani def19d0] 2
 1 file changed, 0 insertions(+), 0 deletions(-)
 create mode 100644 2.txt

D:\soleymani\azmoon>git checkout master
Switched to branch 'master'
Your branch is based on 'origin/master', but the upstream is gone.
  (use "git branch --unset-upstream" to fixup)

D:\soleymani\azmoon>git add .

D:\soleymani\azmoon>git commit -m "3"
[master d0f5fd3] 3
 1 file changed, 0 insertions(+), 0 deletions(-)
 create mode 100644 3.txt

D:\soleymani\azmoon>git checkout def19d07cfa697da0af822ef8ea3e049f555b480
Note: checking out 'def19d07cfa697da0af822ef8ea3e049f555b480'.

You are in 'detached HEAD' state. You can look around, make experimental
changes and commit them, and you can discard any commits you make in this
state without impacting any branches by performing another checkout.

If you want to create a new branch to retain commits you create, you may
do so (now or later) by using -b with the checkout command again. Example:

  git checkout -b new_branch_name

HEAD is now at def19d0... 2

D:\soleymani\azmoon>git branch 0890428115

D:\soleymani\azmoon>git checkout 0890428115
Switched to branch '0890428115'

D:\soleymani\azmoon>git add .

D:\soleymani\azmoon>git commit -m "4"
[0890428115 15eeec1] 4
 1 file changed, 0 insertions(+), 0 deletions(-)
 create mode 100644 4.txt

D:\soleymani\azmoon>git checkout soleymani
Switched to branch 'soleymani'

D:\soleymani\azmoon>git add .

D:\soleymani\azmoon>git commit -m "5"
[soleymani 52c077c] 5
 1 file changed, 0 insertions(+), 0 deletions(-)
 create mode 100644 5.txt

D:\soleymani\azmoon>git checkout master
Switched to branch 'master'
Your branch is based on 'origin/master', but the upstream is gone.
  (use "git branch --unset-upstream" to fixup)

D:\soleymani\azmoon>git add .

D:\soleymani\azmoon>git commit -m "6"
[master b723f75] 6
 1 file changed, 0 insertions(+), 0 deletions(-)
 create mode 100644 6.txt

D:\soleymani\azmoon>git add .

D:\soleymani\azmoon>git commit -m "7"
[master cd8ef00] 7
 1 file changed, 0 insertions(+), 0 deletions(-)
 create mode 100644 7.txt

D:\soleymani\azmoon>git checkout soleymani
Switched to branch 'soleymani'

D:\soleymani\azmoon>git merge 0890428115
Merge made by the 'recursive' strategy.
 4.txt | 0
 1 file changed, 0 insertions(+), 0 deletions(-)
 create mode 100644 4.txt

D:\soleymani\azmoon>git master
git: 'master' is not a git command. See 'git --help'.

D:\soleymani\azmoon>git checkout master
Switched to branch 'master'
Your branch is based on 'origin/master', but the upstream is gone.
  (use "git branch --unset-upstream" to fixup)

D:\soleymani\azmoon>git merge soleymani
Merge made by the 'recursive' strategy.
 2.txt | 0
 4.txt | 0
 5.txt | 0
 3 files changed, 0 insertions(+), 0 deletions(-)
 create mode 100644 2.txt
 create mode 100644 4.txt
 create mode 100644 5.txtjnfd